Archive member included to satisfy reference by file (symbol)

c:/st/stm32cubeide_1.9.0/stm32cubeide/plugins/com.st.stm32cube.ide.mcu.externaltools.gnu-tools-for-stm32.10.3-2021.10.win32_1.0.0.202111181127/tools/bin/../lib/gcc/arm-none-eabi/10.3.1/../../../../arm-none-eabi/lib/thumb/v7-m/nofp\libc_nano.a(lib_a-errno.o)
                              ./Core/Src/syscalls.o (__errno)
c:/st/stm32cubeide_1.9.0/stm32cubeide/plugins/com.st.stm32cube.ide.mcu.externaltools.gnu-tools-for-stm32.10.3-2021.10.win32_1.0.0.202111181127/tools/bin/../lib/gcc/arm-none-eabi/10.3.1/../../../../arm-none-eabi/lib/thumb/v7-m/nofp\libc_nano.a(lib_a-exit.o)
                              c:/st/stm32cubeide_1.9.0/stm32cubeide/plugins/com.st.stm32cube.ide.mcu.externaltools.gnu-tools-for-stm32.10.3-2021.10.win32_1.0.0.202111181127/tools/bin/../lib/gcc/arm-none-eabi/10.3.1/../../../../arm-none-eabi/lib/thumb/v7-m/nofp/crt0.o (exit)
c:/st/stm32cubeide_1.9.0/stm32cubeide/plugins/com.st.stm32cube.ide.mcu.externaltools.gnu-tools-for-stm32.10.3-2021.10.win32_1.0.0.202111181127/tools/bin/../lib/gcc/arm-none-eabi/10.3.1/../../../../arm-none-eabi/lib/thumb/v7-m/nofp\libc_nano.a(lib_a-impure.o)
                              c:/st/stm32cubeide_1.9.0/stm32cubeide/plugins/com.st.stm32cube.ide.mcu.externaltools.gnu-tools-for-stm32.10.3-2021.10.win32_1.0.0.202111181127/tools/bin/../lib/gcc/arm-none-eabi/10.3.1/../../../../arm-none-eabi/lib/thumb/v7-m/nofp\libc_nano.a(lib_a-exit.o) (_global_impure_ptr)
c:/st/stm32cubeide_1.9.0/stm32cubeide/plugins/com.st.stm32cube.ide.mcu.externaltools.gnu-tools-for-stm32.10.3-2021.10.win32_1.0.0.202111181127/tools/bin/../lib/gcc/arm-none-eabi/10.3.1/../../../../arm-none-eabi/lib/thumb/v7-m/nofp\libc_nano.a(lib_a-init.o)
                              c:/st/stm32cubeide_1.9.0/stm32cubeide/plugins/com.st.stm32cube.ide.mcu.externaltools.gnu-tools-for-stm32.10.3-2021.10.win32_1.0.0.202111181127/tools/bin/../lib/gcc/arm-none-eabi/10.3.1/../../../../arm-none-eabi/lib/thumb/v7-m/nofp/crt0.o (__libc_init_array)
c:/st/stm32cubeide_1.9.0/stm32cubeide/plugins/com.st.stm32cube.ide.mcu.externaltools.gnu-tools-for-stm32.10.3-2021.10.win32_1.0.0.202111181127/tools/bin/../lib/gcc/arm-none-eabi/10.3.1/../../../../arm-none-eabi/lib/thumb/v7-m/nofp\libc_nano.a(lib_a-memset.o)
                              c:/st/stm32cubeide_1.9.0/stm32cubeide/plugins/com.st.stm32cube.ide.mcu.externaltools.gnu-tools-for-stm32.10.3-2021.10.win32_1.0.0.202111181127/tools/bin/../lib/gcc/arm-none-eabi/10.3.1/../../../../arm-none-eabi/lib/thumb/v7-m/nofp/crt0.o (memset)

Discarded input sections

 .text          0x0000000000000000        0x0 c:/st/stm32cubeide_1.9.0/stm32cubeide/plugins/com.st.stm32cube.ide.mcu.externaltools.gnu-tools-for-stm32.10.3-2021.10.win32_1.0.0.202111181127/tools/bin/../lib/gcc/arm-none-eabi/10.3.1/thumb/v7-m/nofp/crti.o
 .data          0x0000000000000000        0x0 c:/st/stm32cubeide_1.9.0/stm32cubeide/plugins/com.st.stm32cube.ide.mcu.externaltools.gnu-tools-for-stm32.10.3-2021.10.win32_1.0.0.202111181127/tools/bin/../lib/gcc/arm-none-eabi/10.3.1/thumb/v7-m/nofp/crti.o
 .bss           0x0000000000000000        0x0 c:/st/stm32cubeide_1.9.0/stm32cubeide/plugins/com.st.stm32cube.ide.mcu.externaltools.gnu-tools-for-stm32.10.3-2021.10.win32_1.0.0.202111181127/tools/bin/../lib/gcc/arm-none-eabi/10.3.1/thumb/v7-m/nofp/crti.o
 .data          0x0000000000000000        0x4 c:/st/stm32cubeide_1.9.0/stm32cubeide/plugins/com.st.stm32cube.ide.mcu.externaltools.gnu-tools-for-stm32.10.3-2021.10.win32_1.0.0.202111181127/tools/bin/../lib/gcc/arm-none-eabi/10.3.1/thumb/v7-m/nofp/crtbegin.o
 .rodata        0x0000000000000000       0x24 c:/st/stm32cubeide_1.9.0/stm32cubeide/plugins/com.st.stm32cube.ide.mcu.externaltools.gnu-tools-for-stm32.10.3-2021.10.win32_1.0.0.202111181127/tools/bin/../lib/gcc/arm-none-eabi/10.3.1/thumb/v7-m/nofp/crtbegin.o
 .text          0x0000000000000000       0x7c c:/st/stm32cubeide_1.9.0/stm32cubeide/plugins/com.st.stm32cube.ide.mcu.externaltools.gnu-tools-for-stm32.10.3-2021.10.win32_1.0.0.202111181127/tools/bin/../lib/gcc/arm-none-eabi/10.3.1/../../../../arm-none-eabi/lib/thumb/v7-m/nofp/crt0.o
 .data          0x0000000000000000        0x0 c:/st/stm32cubeide_1.9.0/stm32cubeide/plugins/com.st.stm32cube.ide.mcu.externaltools.gnu-tools-for-stm32.10.3-2021.10.win32_1.0.0.202111181127/tools/bin/../lib/gcc/arm-none-eabi/10.3.1/../../../../arm-none-eabi/lib/thumb/v7-m/nofp/crt0.o
 .bss           0x0000000000000000        0x0 c:/st/stm32cubeide_1.9.0/stm32cubeide/plugins/com.st.stm32cube.ide.mcu.externaltools.gnu-tools-for-stm32.10.3-2021.10.win32_1.0.0.202111181127/tools/bin/../lib/gcc/arm-none-eabi/10.3.1/../../../../arm-none-eabi/lib/thumb/v7-m/nofp/crt0.o
[...]
Memory Configuration

Name             Origin             Length             Attributes
RAM              0x0000000020000000 0x0000000000005000 xrw
FLASH            0x0000000008000000 0x0000000000010000 xr
*default*        0x0000000000000000 0xffffffffffffffff

Linker script and memory map

LOAD c:/st/stm32cubeide_1.9.0/stm32cubeide/plugins/com.st.stm32cube.ide.mcu.externaltools.gnu-tools-for-stm32.10.3-2021.10.win32_1.0.0.202111181127/tools/bin/../lib/gcc/arm-none-eabi/10.3.1/thumb/v7-m/nofp/crti.o
LOAD c:/st/stm32cubeide_1.9.0/stm32cubeide/plugins/com.st.stm32cube.ide.mcu.externaltools.gnu-tools-for-stm32.10.3-2021.10.win32_1.0.0.202111181127/tools/bin/../lib/gcc/arm-none-eabi/10.3.1/thumb/v7-m/nofp/crtbegin.o
LOAD c:/st/stm32cubeide_1.9.0/stm32cubeide/plugins/com.st.stm32cube.ide.mcu.externaltools.gnu-tools-for-stm32.10.3-2021.10.win32_1.0.0.202111181127/tools/bin/../lib/gcc/arm-none-eabi/10.3.1/../../../../arm-none-eabi/lib/thumb/v7-m/nofp/crt0.o
LOAD ./Core/Src/main.o
LOAD ./Core/Src/stm32f1xx_hal_msp.o
LOAD ./Core/Src/stm32f1xx_it.o
LOAD ./Core/Src/syscalls.o
LOAD ./Core/Src/sysmem.o
LOAD ./Core/Src/system_stm32f1xx.o
LOAD ./Core/Startup/startup_stm32f103c8tx.o
LOAD ./Drivers/STM32F1xx_HAL_Driver/Src/stm32f1xx_hal.o
LOAD ./Drivers/STM32F1xx_HAL_Driver/Src/stm32f1xx_hal_adc.o
LOAD ./Drivers/STM32F1xx_HAL_Driver/Src/stm32f1xx_hal_adc_ex.o
LOAD ./Drivers/STM32F1xx_HAL_Driver/Src/stm32f1xx_hal_cortex.o
LOAD ./Drivers/STM32F1xx_HAL_Driver/Src/stm32f1xx_hal_dma.o
LOAD ./Drivers/STM32F1xx_HAL_Driver/Src/stm32f1xx_hal_exti.o
LOAD ./Drivers/STM32F1xx_HAL_Driver/Src/stm32f1xx_hal_flash.o
LOAD ./Drivers/STM32F1xx_HAL_Driver/Src/stm32f1xx_hal_flash_ex.o
LOAD ./Drivers/STM32F1xx_HAL_Driver/Src/stm32f1xx_hal_gpio.o
LOAD ./Drivers/STM32F1xx_HAL_Driver/Src/stm32f1xx_hal_gpio_ex.o
LOAD ./Drivers/STM32F1xx_HAL_Driver/Src/stm32f1xx_hal_pwr.o
LOAD ./Drivers/STM32F1xx_HAL_Driver/Src/stm32f1xx_hal_rcc.o
LOAD ./Drivers/STM32F1xx_HAL_Driver/Src/stm32f1xx_hal_rcc_ex.o
LOAD ./Drivers/STM32F1xx_HAL_Driver/Src/stm32f1xx_hal_tim.o
LOAD ./Drivers/STM32F1xx_HAL_Driver/Src/stm32f1xx_hal_tim_ex.o
LOAD ./app/app.o
LOAD ./app/hw.o
START GROUP
LOAD c:/st/stm32cubeide_1.9.0/stm32cubeide/plugins/com.st.stm32cube.ide.mcu.externaltools.gnu-tools-for-stm32.10.3-2021.10.win32_1.0.0.202111181127/tools/bin/../lib/gcc/arm-none-eabi/10.3.1/../../../../arm-none-eabi/lib/thumb/v7-m/nofp\libc_nano.a
LOAD c:/st/stm32cubeide_1.9.0/stm32cubeide/plugins/com.st.stm32cube.ide.mcu.externaltools.gnu-tools-for-stm32.10.3-2021.10.win32_1.0.0.202111181127/tools/bin/../lib/gcc/arm-none-eabi/10.3.1/../../../../arm-none-eabi/lib/thumb/v7-m/nofp\libm.a
END GROUP
START GROUP
LOAD c:/st/stm32cubeide_1.9.0/stm32cubeide/plugins/com.st.stm32cube.ide.mcu.externaltools.gnu-tools-for-stm32.10.3-2021.10.win32_1.0.0.202111181127/tools/bin/../lib/gcc/arm-none-eabi/10.3.1/thumb/v7-m/nofp\libgcc.a
LOAD c:/st/stm32cubeide_1.9.0/stm32cubeide/plugins/com.st.stm32cube.ide.mcu.externaltools.gnu-tools-for-stm32.10.3-2021.10.win32_1.0.0.202111181127/tools/bin/../lib/gcc/arm-none-eabi/10.3.1/../../../../arm-none-eabi/lib/thumb/v7-m/nofp\libc_nano.a
END GROUP
START GROUP
LOAD c:/st/stm32cubeide_1.9.0/stm32cubeide/plugins/com.st.stm32cube.ide.mcu.externaltools.gnu-tools-for-stm32.10.3-2021.10.win32_1.0.0.202111181127/tools/bin/../lib/gcc/arm-none-eabi/10.3.1/thumb/v7-m/nofp\libgcc.a
LOAD c:/st/stm32cubeide_1.9.0/stm32cubeide/plugins/com.st.stm32cube.ide.mcu.externaltools.gnu-tools-for-stm32.10.3-2021.10.win32_1.0.0.202111181127/tools/bin/../lib/gcc/arm-none-eabi/10.3.1/../../../../arm-none-eabi/lib/thumb/v7-m/nofp\libc_nano.a
LOAD c:/st/stm32cubeide_1.9.0/stm32cubeide/plugins/com.st.stm32cube.ide.mcu.externaltools.gnu-tools-for-stm32.10.3-2021.10.win32_1.0.0.202111181127/tools/bin/../lib/gcc/arm-none-eabi/10.3.1/../../../../arm-none-eabi/lib/thumb/v7-m/nofp\libnosys.a
END GROUP
START GROUP
LOAD c:/st/stm32cubeide_1.9.0/stm32cubeide/plugins/com.st.stm32cube.ide.mcu.externaltools.gnu-tools-for-stm32.10.3-2021.10.win32_1.0.0.202111181127/tools/bin/../lib/gcc/arm-none-eabi/10.3.1/thumb/v7-m/nofp\libgcc.a
LOAD c:/st/stm32cubeide_1.9.0/stm32cubeide/plugins/com.st.stm32cube.ide.mcu.externaltools.gnu-tools-for-stm32.10.3-2021.10.win32_1.0.0.202111181127/tools/bin/../lib/gcc/arm-none-eabi/10.3.1/../../../../arm-none-eabi/lib/thumb/v7-m/nofp\libc_nano.a
LOAD c:/st/stm32cubeide_1.9.0/stm32cubeide/plugins/com.st.stm32cube.ide.mcu.externaltools.gnu-tools-for-stm32.10.3-2021.10.win32_1.0.0.202111181127/tools/bin/../lib/gcc/arm-none-eabi/10.3.1/../../../../arm-none-eabi/lib/thumb/v7-m/nofp\libnosys.a
END GROUP
LOAD c:/st/stm32cubeide_1.9.0/stm32cubeide/plugins/com.st.stm32cube.ide.mcu.externaltools.gnu-tools-for-stm32.10.3-2021.10.win32_1.0.0.202111181127/tools/bin/../lib/gcc/arm-none-eabi/10.3.1/thumb/v7-m/nofp/crtend.o
LOAD c:/st/stm32cubeide_1.9.0/stm32cubeide/plugins/com.st.stm32cube.ide.mcu.externaltools.gnu-tools-for-stm32.10.3-2021.10.win32_1.0.0.202111181127/tools/bin/../lib/gcc/arm-none-eabi/10.3.1/thumb/v7-m/nofp/crtn.o
                0x0000000020005000                _estack = (ORIGIN (RAM) + LENGTH (RAM))
                0x0000000000000200                _Min_Heap_Size = 0x200
                0x0000000000000400                _Min_Stack_Size = 0x400

.isr_vector     0x0000000008000000      0x10c
                0x0000000008000000                . = ALIGN (0x4)
 *(.isr_vector)
 .isr_vector    0x0000000008000000      0x10c ./Core/Startup/startup_stm32f103c8tx.o
                0x0000000008000000                g_pfnVectors
                0x000000000800010c                . = ALIGN (0x4)

.text           0x000000000800010c     0x309c
                0x000000000800010c                . = ALIGN (0x4)
 *(.text)
 .text          0x000000000800010c       0x40 c:/st/stm32cubeide_1.9.0/stm32cubeide/plugins/com.st.stm32cube.ide.mcu.externaltools.gnu-tools-for-stm32.10.3-2021.10.win32_1.0.0.202111181127/tools/bin/../lib/gcc/arm-none-eabi/10.3.1/thumb/v7-m/nofp/crtbegin.o
 *(.text*)
 .text.main     0x000000000800014c       0x2e ./Core/Src/main.o
                0x000000000800014c                main
 .text.SystemClock_Config
                0x000000000800017a       0xb6 ./Core/Src/main.o
                0x000000000800017a                SystemClock_Config
 .text.MX_ADC1_Init
                0x0000000008000230       0x9c ./Core/Src/main.o
 .text.MX_TIM1_Init
                0x00000000080002cc       0xa4 ./Core/Src/main.o
 .text.MX_TIM3_Init
                0x0000000008000370       0x9c ./Core/Src/main.o
 .text.MX_DMA_Init
                0x000000000800040c       0x3c ./Core/Src/main.o
 .text.MX_GPIO_Init
                0x0000000008000448       0x98 ./Core/Src/main.o
 .text.Error_Handler
                0x00000000080004e0        0xa ./Core/Src/main.o
                0x00000000080004e0                Error_Handler
 *fill*         0x00000000080004ea        0x2 
 .text.HAL_MspInit
                0x00000000080004ec       0x64 ./Core/Src/stm32f1xx_hal_msp.o
                0x00000000080004ec                HAL_MspInit
 .text.HAL_ADC_MspInit
                0x0000000008000550       0xd4 ./Core/Src/stm32f1xx_hal_msp.o
                0x0000000008000550                HAL_ADC_MspInit
 .text.HAL_TIM_Base_MspInit
                0x0000000008000624       0x74 ./Core/Src/stm32f1xx_hal_msp.o
                0x0000000008000624                HAL_TIM_Base_MspInit
 .text.NMI_Handler
                0x0000000008000698        0x6 ./Core/Src/stm32f1xx_it.o
                0x0000000008000698                NMI_Handler
 .text.HardFault_Handler
                0x000000000800069e        0x6 ./Core/Src/stm32f1xx_it.o
                0x000000000800069e                HardFault_Handler
 .text.MemManage_Handler
                0x00000000080006a4        0x6 ./Core/Src/stm32f1xx_it.o
                0x00000000080006a4                MemManage_Handler
 .text.BusFault_Handler
                0x00000000080006aa        0x6 ./Core/Src/stm32f1xx_it.o
                0x00000000080006aa                BusFault_Handler
 .text.UsageFault_Handler
                0x00000000080006b0        0x6 ./Core/Src/stm32f1xx_it.o
                0x00000000080006b0                UsageFault_Handler
 .text.SVC_Handler
                0x00000000080006b6        0xc ./Core/Src/stm32f1xx_it.o
                0x00000000080006b6                SVC_Handler
 .text.DebugMon_Handler
                0x00000000080006c2        0xc ./Core/Src/stm32f1xx_it.o
                0x00000000080006c2                DebugMon_Handler
 .text.PendSV_Handler
                0x00000000080006ce        0xc ./Core/Src/stm32f1xx_it.o
                0x00000000080006ce                PendSV_Handler
 .text.SysTick_Handler
                0x00000000080006da        0xc ./Core/Src/stm32f1xx_it.o
                0x00000000080006da                SysTick_Handler
 *fill*         0x00000000080006e6        0x2 
 .text.DMA1_Channel1_IRQHandler
                0x00000000080006e8       0x14 ./Core/Src/stm32f1xx_it.o
                0x00000000080006e8                DMA1_Channel1_IRQHandler
 .text.TIM1_UP_IRQHandler
                0x00000000080006fc       0x14 ./Core/Src/stm32f1xx_it.o
                0x00000000080006fc                TIM1_UP_IRQHandler
 .text.SystemInit
                0x0000000008000710        0xc ./Core/Src/system_stm32f1xx.o
                0x0000000008000710                SystemInit
 .text.Reset_Handler
                0x000000000800071c       0x48 ./Core/Startup/startup_stm32f103c8tx.o
                0x000000000800071c                Reset_Handler
 .text.Default_Handler
                0x0000000008000764        0x2 ./Core/Startup/startup_stm32f103c8tx.o
                0x0000000008000764                RTC_Alarm_IRQHandler
                0x0000000008000764                EXTI2_IRQHandler
                0x0000000008000764                TIM1_CC_IRQHandler
                0x0000000008000764                PVD_IRQHandler
                0x0000000008000764                EXTI3_IRQHandler
                0x0000000008000764                EXTI0_IRQHandler
                0x0000000008000764                I2C2_EV_IRQHandler
                0x0000000008000764                ADC1_2_IRQHandler
                0x0000000008000764                SPI1_IRQHandler
                0x0000000008000764                TAMPER_IRQHandler
                0x0000000008000764                DMA1_Channel4_IRQHandler
                0x0000000008000764                USART3_IRQHandler
                0x0000000008000764                RTC_IRQHandler
                0x0000000008000764                DMA1_Channel7_IRQHandler
                0x0000000008000764                CAN1_RX1_IRQHandler
                0x0000000008000764                TIM4_IRQHandler
                0x0000000008000764                I2C1_EV_IRQHandler
                0x0000000008000764                DMA1_Channel6_IRQHandler
                0x0000000008000764                TIM3_IRQHandler
                0x0000000008000764                RCC_IRQHandler
                0x0000000008000764                TIM1_TRG_COM_IRQHandler
                0x0000000008000764                Default_Handler
                0x0000000008000764                EXTI15_10_IRQHandler
                0x0000000008000764                EXTI9_5_IRQHandler
                0x0000000008000764                SPI2_IRQHandler
                0x0000000008000764                DMA1_Channel5_IRQHandler
                0x0000000008000764                EXTI4_IRQHandler
                0x0000000008000764                USB_LP_CAN1_RX0_IRQHandler
                0x0000000008000764                USB_HP_CAN1_TX_IRQHandler
                0x0000000008000764                DMA1_Channel3_IRQHandler
                0x0000000008000764                WWDG_IRQHandler
                0x0000000008000764                TIM2_IRQHandler
                0x0000000008000764                TIM1_BRK_IRQHandler
                0x0000000008000764                EXTI1_IRQHandler
                0x0000000008000764                USART2_IRQHandler
                0x0000000008000764                I2C2_ER_IRQHandler
                0x0000000008000764                DMA1_Channel2_IRQHandler
                0x0000000008000764                CAN1_SCE_IRQHandler
                0x0000000008000764                FLASH_IRQHandler
                0x0000000008000764                USART1_IRQHandler
                0x0000000008000764                I2C1_ER_IRQHandler
                0x0000000008000764                USBWakeUp_IRQHandler
 *fill*         0x0000000008000766        0x2 
 .text.HAL_Init
                0x0000000008000768       0x2c ./Drivers/STM32F1xx_HAL_Driver/Src/stm32f1xx_hal.o
                0x0000000008000768                HAL_Init
 .text.HAL_InitTick
                0x0000000008000794       0x60 ./Drivers/STM32F1xx_HAL_Driver/Src/stm32f1xx_hal.o
                0x0000000008000794                HAL_InitTick
 .text.HAL_IncTick
                0x00000000080007f4       0x24 ./Drivers/STM32F1xx_HAL_Driver/Src/stm32f1xx_hal.o
                0x00000000080007f4                HAL_IncTick
 .text.HAL_GetTick
                0x0000000008000818       0x14 ./Drivers/STM32F1xx_HAL_Driver/Src/stm32f1xx_hal.o
                0x0000000008000818                HAL_GetTick
 .text.HAL_DBGMCU_EnableDBGSleepMode
                0x000000000800082c       0x1c ./Drivers/STM32F1xx_HAL_Driver/Src/stm32f1xx_hal.o
                0x000000000800082c                HAL_DBGMCU_EnableDBGSleepMode
 .text.HAL_ADC_Init
                0x0000000008000848      0x1b0 ./Drivers/STM32F1xx_HAL_Driver/Src/stm32f1xx_hal_adc.o
                0x0000000008000848                HAL_ADC_Init
 .text.HAL_ADC_Start_DMA
                0x00000000080009f8      0x1bc ./Drivers/STM32F1xx_HAL_Driver/Src/stm32f1xx_hal_adc.o
                0x00000000080009f8                HAL_ADC_Start_DMA
 .text.HAL_ADC_Stop_DMA
                0x0000000008000bb4       0x96 ./Drivers/STM32F1xx_HAL_Driver/Src/stm32f1xx_hal_adc.o
                0x0000000008000bb4                HAL_ADC_Stop_DMA
 .text.HAL_ADC_ConvHalfCpltCallback
                0x0000000008000c4a       0x12 ./Drivers/STM32F1xx_HAL_Driver/Src/stm32f1xx_hal_adc.o
                0x0000000008000c4a                HAL_ADC_ConvHalfCpltCallback
 .text.HAL_ADC_ErrorCallback
                0x0000000008000c5c       0x12 ./Drivers/STM32F1xx_HAL_Driver/Src/stm32f1xx_hal_adc.o
                0x0000000008000c5c                HAL_ADC_ErrorCallback
 *fill*         0x0000000008000c6e        0x2 
 .text.HAL_ADC_ConfigChannel
                0x0000000008000c70      0x1f0 ./Drivers/STM32F1xx_HAL_Driver/Src/stm32f1xx_hal_adc.o
                0x0000000008000c70                HAL_ADC_ConfigChannel
 .text.ADC_Enable
                0x0000000008000e60       0xb4 ./Drivers/STM32F1xx_HAL_Driver/Src/stm32f1xx_hal_adc.o
                0x0000000008000e60                ADC_Enable
 .text.ADC_ConversionStop_Disable
                0x0000000008000f14       0x82 ./Drivers/STM32F1xx_HAL_Driver/Src/stm32f1xx_hal_adc.o
                0x0000000008000f14                ADC_ConversionStop_Disable
 .text.ADC_DMAConvCplt
                0x0000000008000f96       0x7c ./Drivers/STM32F1xx_HAL_Driver/Src/stm32f1xx_hal_adc.o
                0x0000000008000f96                ADC_DMAConvCplt
 .text.ADC_DMAHalfConvCplt
                0x0000000008001012       0x1c ./Drivers/STM32F1xx_HAL_Driver/Src/stm32f1xx_hal_adc.o
                0x0000000008001012                ADC_DMAHalfConvCplt
 .text.ADC_DMAError
                0x000000000800102e       0x34 ./Drivers/STM32F1xx_HAL_Driver/Src/stm32f1xx_hal_adc.o
                0x000000000800102e                ADC_DMAError
 *fill*         0x0000000008001062        0x2 
 .text.HAL_ADCEx_Calibration_Start
                0x0000000008001064      0x158 ./Drivers/STM32F1xx_HAL_Driver/Src/stm32f1xx_hal_adc_ex.o
                0x0000000008001064                HAL_ADCEx_Calibration_Start
 .text.__NVIC_SetPriorityGrouping
                0x00000000080011bc       0x48 ./Drivers/STM32F1xx_HAL_Driver/Src/stm32f1xx_hal_cortex.o
 .text.__NVIC_GetPriorityGrouping
                0x0000000008001204       0x1c ./Drivers/STM32F1xx_HAL_Driver/Src/stm32f1xx_hal_cortex.o
 .text.__NVIC_EnableIRQ
                0x0000000008001220       0x38 ./Drivers/STM32F1xx_HAL_Driver/Src/stm32f1xx_hal_cortex.o
 .text.__NVIC_SetPriority
                0x0000000008001258       0x54 ./Drivers/STM32F1xx_HAL_Driver/Src/stm32f1xx_hal_cortex.o
 .text.NVIC_EncodePriority
                0x00000000080012ac       0x64 ./Drivers/STM32F1xx_HAL_Driver/Src/stm32f1xx_hal_cortex.o
 .text.SysTick_Config
                0x0000000008001310       0x44 ./Drivers/STM32F1xx_HAL_Driver/Src/stm32f1xx_hal_cortex.o
 .text.HAL_NVIC_SetPriorityGrouping
                0x0000000008001354       0x16 ./Drivers/STM32F1xx_HAL_Driver/Src/stm32f1xx_hal_cortex.o
                0x0000000008001354                HAL_NVIC_SetPriorityGrouping
 .text.HAL_NVIC_SetPriority
                0x000000000800136a       0x38 ./Drivers/STM32F1xx_HAL_Driver/Src/stm32f1xx_hal_cortex.o
                0x000000000800136a                HAL_NVIC_SetPriority
 .text.HAL_NVIC_EnableIRQ
                0x00000000080013a2       0x1c ./Drivers/STM32F1xx_HAL_Driver/Src/stm32f1xx_hal_cortex.o
                0x00000000080013a2                HAL_NVIC_EnableIRQ
 .text.HAL_SYSTICK_Config
                0x00000000080013be       0x18 ./Drivers/STM32F1xx_HAL_Driver/Src/stm32f1xx_hal_cortex.o
                0x00000000080013be                HAL_SYSTICK_Config
 *fill*         0x00000000080013d6        0x2 
 .text.HAL_DMA_Init
                0x00000000080013d8       0xb4 ./Drivers/STM32F1xx_HAL_Driver/Src/stm32f1xx_hal_dma.o
                0x00000000080013d8                HAL_DMA_Init
 .text.HAL_DMA_Start_IT
                0x000000000800148c       0xbe ./Drivers/STM32F1xx_HAL_Driver/Src/stm32f1xx_hal_dma.o
                0x000000000800148c                HAL_DMA_Start_IT
 .text.HAL_DMA_Abort
                0x000000000800154a       0x74 ./Drivers/STM32F1xx_HAL_Driver/Src/stm32f1xx_hal_dma.o
                0x000000000800154a                HAL_DMA_Abort
 *fill*         0x00000000080015be        0x2 
 .text.HAL_DMA_IRQHandler
                0x00000000080015c0      0x20c ./Drivers/STM32F1xx_HAL_Driver/Src/stm32f1xx_hal_dma.o
                0x00000000080015c0                HAL_DMA_IRQHandler
 .text.DMA_SetConfig
                0x00000000080017cc       0x5a ./Drivers/STM32F1xx_HAL_Driver/Src/stm32f1xx_hal_dma.o
 *fill*         0x0000000008001826        0x2 
 .text.HAL_GPIO_Init
                0x0000000008001828      0x308 ./Drivers/STM32F1xx_HAL_Driver/Src/stm32f1xx_hal_gpio.o
                0x0000000008001828                HAL_GPIO_Init
 .text.HAL_GPIO_WritePin
                0x0000000008001b30       0x30 ./Drivers/STM32F1xx_HAL_Driver/Src/stm32f1xx_hal_gpio.o
                0x0000000008001b30                HAL_GPIO_WritePin
 .text.HAL_GPIO_TogglePin
                0x0000000008001b60       0x32 ./Drivers/STM32F1xx_HAL_Driver/Src/stm32f1xx_hal_gpio.o
                0x0000000008001b60                HAL_GPIO_TogglePin
 *fill*         0x0000000008001b92        0x2 
 .text.HAL_RCC_OscConfig
                0x0000000008001b94      0x504 ./Drivers/STM32F1xx_HAL_Driver/Src/stm32f1xx_hal_rcc.o
                0x0000000008001b94                HAL_RCC_OscConfig
 .text.HAL_RCC_ClockConfig
                0x0000000008002098      0x1d4 ./Drivers/STM32F1xx_HAL_Driver/Src/stm32f1xx_hal_rcc.o
                0x0000000008002098                HAL_RCC_ClockConfig
 .text.HAL_RCC_GetSysClockFreq
                0x000000000800226c       0xbc ./Drivers/STM32F1xx_HAL_Driver/Src/stm32f1xx_hal_rcc.o
                0x000000000800226c                HAL_RCC_GetSysClockFreq
 .text.HAL_RCC_GetHCLKFreq
                0x0000000008002328       0x14 ./Drivers/STM32F1xx_HAL_Driver/Src/stm32f1xx_hal_rcc.o
                0x0000000008002328                HAL_RCC_GetHCLKFreq
 .text.HAL_RCC_GetPCLK2Freq
                0x000000000800233c       0x28 ./Drivers/STM32F1xx_HAL_Driver/Src/stm32f1xx_hal_rcc.o
                0x000000000800233c                HAL_RCC_GetPCLK2Freq
 .text.RCC_Delay
                0x0000000008002364       0x3c ./Drivers/STM32F1xx_HAL_Driver/Src/stm32f1xx_hal_rcc.o
 .text.HAL_RCCEx_PeriphCLKConfig
                0x00000000080023a0      0x16c ./Drivers/STM32F1xx_HAL_Driver/Src/stm32f1xx_hal_rcc_ex.o
                0x00000000080023a0                HAL_RCCEx_PeriphCLKConfig
 .text.HAL_RCCEx_GetPeriphCLKFreq
                0x000000000800250c      0x180 ./Drivers/STM32F1xx_HAL_Driver/Src/stm32f1xx_hal_rcc_ex.o
                0x000000000800250c                HAL_RCCEx_GetPeriphCLKFreq
 .text.HAL_TIM_Base_Init
                0x000000000800268c       0x9e ./Drivers/STM32F1xx_HAL_Driver/Src/stm32f1xx_hal_tim.o
                0x000000000800268c                HAL_TIM_Base_Init
 *fill*         0x000000000800272a        0x2 
 .text.HAL_TIM_Base_Start_IT
                0x000000000800272c       0xa4 ./Drivers/STM32F1xx_HAL_Driver/Src/stm32f1xx_hal_tim.o
                0x000000000800272c                HAL_TIM_Base_Start_IT
 .text.HAL_TIM_IRQHandler
                0x00000000080027d0      0x210 ./Drivers/STM32F1xx_HAL_Driver/Src/stm32f1xx_hal_tim.o
                0x00000000080027d0                HAL_TIM_IRQHandler
 .text.HAL_TIM_ConfigClockSource
                0x00000000080029e0      0x188 ./Drivers/STM32F1xx_HAL_Driver/Src/stm32f1xx_hal_tim.o
                0x00000000080029e0                HAL_TIM_ConfigClockSource
 .text.HAL_TIM_OC_DelayElapsedCallback
                0x0000000008002b68       0x12 ./Drivers/STM32F1xx_HAL_Driver/Src/stm32f1xx_hal_tim.o
                0x0000000008002b68                HAL_TIM_OC_DelayElapsedCallback
 .text.HAL_TIM_IC_CaptureCallback
                0x0000000008002b7a       0x12 ./Drivers/STM32F1xx_HAL_Driver/Src/stm32f1xx_hal_tim.o
                0x0000000008002b7a                HAL_TIM_IC_CaptureCallback
 .text.HAL_TIM_PWM_PulseFinishedCallback
                0x0000000008002b8c       0x12 ./Drivers/STM32F1xx_HAL_Driver/Src/stm32f1xx_hal_tim.o
                0x0000000008002b8c                HAL_TIM_PWM_PulseFinishedCallback
 .text.HAL_TIM_TriggerCallback
                0x0000000008002b9e       0x12 ./Drivers/STM32F1xx_HAL_Driver/Src/stm32f1xx_hal_tim.o
                0x0000000008002b9e                HAL_TIM_TriggerCallback
 .text.TIM_Base_SetConfig
                0x0000000008002bb0       0xc4 ./Drivers/STM32F1xx_HAL_Driver/Src/stm32f1xx_hal_tim.o
                0x0000000008002bb0                TIM_Base_SetConfig
 .text.TIM_TI1_ConfigInputStage
                0x0000000008002c74       0x5c ./Drivers/STM32F1xx_HAL_Driver/Src/stm32f1xx_hal_tim.o
 .text.TIM_TI2_ConfigInputStage
                0x0000000008002cd0       0x5e ./Drivers/STM32F1xx_HAL_Driver/Src/stm32f1xx_hal_tim.o
 .text.TIM_ITRx_SetConfig
                0x0000000008002d2e       0x34 ./Drivers/STM32F1xx_HAL_Driver/Src/stm32f1xx_hal_tim.o
 .text.TIM_ETR_SetConfig
                0x0000000008002d62       0x3e ./Drivers/STM32F1xx_HAL_Driver/Src/stm32f1xx_hal_tim.o
                0x0000000008002d62                TIM_ETR_SetConfig
 .text.HAL_TIMEx_MasterConfigSynchronization
                0x0000000008002da0       0xbc ./Drivers/STM32F1xx_HAL_Driver/Src/stm32f1xx_hal_tim_ex.o
                0x0000000008002da0                HAL_TIMEx_MasterConfigSynchronization
 .text.HAL_TIMEx_CommutCallback
                0x0000000008002e5c       0x12 ./Drivers/STM32F1xx_HAL_Driver/Src/stm32f1xx_hal_tim_ex.o
                0x0000000008002e5c                HAL_TIMEx_CommutCallback
 .text.HAL_TIMEx_BreakCallback
                0x0000000008002e6e       0x12 ./Drivers/STM32F1xx_HAL_Driver/Src/stm32f1xx_hal_tim_ex.o
                0x0000000008002e6e                HAL_TIMEx_BreakCallback
 .text.app_process_samples
                0x0000000008002e80       0x5c ./app/app.o
 .text.app_get_adc_values
                0x0000000008002edc       0x18 ./app/app.o
                0x0000000008002edc                app_get_adc_values
 .text.app_average_adc_value
                0x0000000008002ef4       0xb0 ./app/app.o
                0x0000000008002ef4                app_average_adc_value
 .text.app_init
                0x0000000008002fa4       0x38 ./app/app.o
                0x0000000008002fa4                app_init
 .text.app_loop
                0x0000000008002fdc        0xc ./app/app.o
                0x0000000008002fdc                app_loop
 .text.HAL_ADC_ConvCpltCallback
                0x0000000008002fe8       0x14 ./app/hw.o
                0x0000000008002fe8                HAL_ADC_ConvCpltCallback
 .text.hw_adc_start
                0x0000000008002ffc       0x20 ./app/hw.o
                0x0000000008002ffc                hw_adc_start
 .text.hw_adc_stop
                0x000000000800301c       0x14 ./app/hw.o
                0x000000000800301c                hw_adc_stop
 .text.hw_adc_calibration
                0x0000000008003030       0x28 ./app/hw.o
                0x0000000008003030                hw_adc_calibration
 .text.hw_timer_start
                0x0000000008003058       0x16 ./app/hw.o
                0x0000000008003058                hw_timer_start
 *fill*         0x000000000800306e        0x2 
 .text.hw_blink_timer_start
                0x0000000008003070       0x14 ./app/hw.o
                0x0000000008003070                hw_blink_timer_start
 .text.HAL_TIM_PeriodElapsedCallback
                0x0000000008003084       0x44 ./app/hw.o
                0x0000000008003084                HAL_TIM_PeriodElapsedCallback
 .text.hw_toggle_led
                0x00000000080030c8       0x18 ./app/hw.o
                0x00000000080030c8                hw_toggle_led
 .text.hw_set_delay
                0x00000000080030e0       0x58 ./app/hw.o
                0x00000000080030e0                hw_set_delay
 .text.__libc_init_array
                0x0000000008003138       0x48 c:/st/stm32cubeide_1.9.0/stm32cubeide/plugins/com.st.stm32cube.ide.mcu.externaltools.gnu-tools-for-stm32.10.3-2021.10.win32_1.0.0.202111181127/tools/bin/../lib/gcc/arm-none-eabi/10.3.1/../../../../arm-none-eabi/lib/thumb/v7-m/nofp\libc_nano.a(lib_a-init.o)
                0x0000000008003138                __libc_init_array
 .text.memset   0x0000000008003180       0x10 c:/st/stm32cubeide_1.9.0/stm32cubeide/plugins/com.st.stm32cube.ide.mcu.externaltools.gnu-tools-for-stm32.10.3-2021.10.win32_1.0.0.202111181127/tools/bin/../lib/gcc/arm-none-eabi/10.3.1/../../../../arm-none-eabi/lib/thumb/v7-m/nofp\libc_nano.a(lib_a-memset.o)
                0x0000000008003180                memset
 *(.glue_7)
 .glue_7        0x0000000008003190        0x0 linker stubs
 *(.glue_7t)
 .glue_7t       0x0000000008003190        0x0 linker stubs
 *(.eh_frame)
 .eh_frame      0x0000000008003190        0x0 c:/st/stm32cubeide_1.9.0/stm32cubeide/plugins/com.st.stm32cube.ide.mcu.externaltools.gnu-tools-for-stm32.10.3-2021.10.win32_1.0.0.202111181127/tools/bin/../lib/gcc/arm-none-eabi/10.3.1/thumb/v7-m/nofp/crtbegin.o
 *(.init)
 .init          0x0000000008003190        0x4 c:/st/stm32cubeide_1.9.0/stm32cubeide/plugins/com.st.stm32cube.ide.mcu.externaltools.gnu-tools-for-stm32.10.3-2021.10.win32_1.0.0.202111181127/tools/bin/../lib/gcc/arm-none-eabi/10.3.1/thumb/v7-m/nofp/crti.o
                0x0000000008003190                _init
 .init          0x0000000008003194        0x8 c:/st/stm32cubeide_1.9.0/stm32cubeide/plugins/com.st.stm32cube.ide.mcu.externaltools.gnu-tools-for-stm32.10.3-2021.10.win32_1.0.0.202111181127/tools/bin/../lib/gcc/arm-none-eabi/10.3.1/thumb/v7-m/nofp/crtn.o
 *(.fini)
 .fini          0x000000000800319c        0x4 c:/st/stm32cubeide_1.9.0/stm32cubeide/plugins/com.st.stm32cube.ide.mcu.externaltools.gnu-tools-for-stm32.10.3-2021.10.win32_1.0.0.202111181127/tools/bin/../lib/gcc/arm-none-eabi/10.3.1/thumb/v7-m/nofp/crti.o
                0x000000000800319c                _fini
 .fini          0x00000000080031a0        0x8 c:/st/stm32cubeide_1.9.0/stm32cubeide/plugins/com.st.stm32cube.ide.mcu.externaltools.gnu-tools-for-stm32.10.3-2021.10.win32_1.0.0.202111181127/tools/bin/../lib/gcc/arm-none-eabi/10.3.1/thumb/v7-m/nofp/crtn.o
                0x00000000080031a8                . = ALIGN (0x4)
                0x00000000080031a8                _etext = .

.vfp11_veneer   0x00000000080031a8        0x0
 .vfp11_veneer  0x00000000080031a8        0x0 linker stubs

.v4_bx          0x00000000080031a8        0x0
 .v4_bx         0x00000000080031a8        0x0 linker stubs

.iplt           0x00000000080031a8        0x0
 .iplt          0x00000000080031a8        0x0 c:/st/stm32cubeide_1.9.0/stm32cubeide/plugins/com.st.stm32cube.ide.mcu.externaltools.gnu-tools-for-stm32.10.3-2021.10.win32_1.0.0.202111181127/tools/bin/../lib/gcc/arm-none-eabi/10.3.1/thumb/v7-m/nofp/crtbegin.o

.rodata         0x00000000080031a8       0x38
                0x00000000080031a8                . = ALIGN (0x4)
 *(.rodata)
 .rodata        0x00000000080031a8       0x10 ./Drivers/STM32F1xx_HAL_Driver/Src/stm32f1xx_hal_rcc.o
 .rodata        0x00000000080031b8       0x10 ./Drivers/STM32F1xx_HAL_Driver/Src/stm32f1xx_hal_rcc_ex.o
 *(.rodata*)
 .rodata.AHBPrescTable
                0x00000000080031c8       0x10 ./Core/Src/system_stm32f1xx.o
                0x00000000080031c8                AHBPrescTable
 .rodata.APBPrescTable
                0x00000000080031d8        0x8 ./Core/Src/system_stm32f1xx.o
                0x00000000080031d8                APBPrescTable
                0x00000000080031e0                . = ALIGN (0x4)

.rel.dyn        0x00000000080031e0        0x0
 .rel.iplt      0x00000000080031e0        0x0 c:/st/stm32cubeide_1.9.0/stm32cubeide/plugins/com.st.stm32cube.ide.mcu.externaltools.gnu-tools-for-stm32.10.3-2021.10.win32_1.0.0.202111181127/tools/bin/../lib/gcc/arm-none-eabi/10.3.1/thumb/v7-m/nofp/crtbegin.o

.ARM.extab      0x00000000080031e0        0x0
                0x00000000080031e0                . = ALIGN (0x4)
 *(.ARM.extab* .gnu.linkonce.armextab.*)
                0x00000000080031e0                . = ALIGN (0x4)

.ARM            0x00000000080031e0        0x0
                0x00000000080031e0                . = ALIGN (0x4)
                0x00000000080031e0                __exidx_start = .
 *(.ARM.exidx*)
                0x00000000080031e0                __exidx_end = .
                0x00000000080031e0                . = ALIGN (0x4)

.preinit_array  0x00000000080031e0        0x0
                0x00000000080031e0                . = ALIGN (0x4)
                0x00000000080031e0                PROVIDE (__preinit_array_start = .)
 *(.preinit_array*)
                0x00000000080031e0                PROVIDE (__preinit_array_end = .)
                0x00000000080031e0                . = ALIGN (0x4)

.init_array     0x00000000080031e0        0x4
                0x00000000080031e0                . = ALIGN (0x4)
                0x00000000080031e0                PROVIDE (__init_array_start = .)
 *(SORT_BY_NAME(.init_array.*))
 *(.init_array*)
 .init_array    0x00000000080031e0        0x4 c:/st/stm32cubeide_1.9.0/stm32cubeide/plugins/com.st.stm32cube.ide.mcu.externaltools.gnu-tools-for-stm32.10.3-2021.10.win32_1.0.0.202111181127/tools/bin/../lib/gcc/arm-none-eabi/10.3.1/thumb/v7-m/nofp/crtbegin.o
                0x00000000080031e4                PROVIDE (__init_array_end = .)
                0x00000000080031e4                . = ALIGN (0x4)

.fini_array     0x00000000080031e4        0x4
                0x00000000080031e4                . = ALIGN (0x4)
                [!provide]                        PROVIDE (__fini_array_start = .)
 *(SORT_BY_NAME(.fini_array.*))
 *(.fini_array*)
 .fini_array    0x00000000080031e4        0x4 c:/st/stm32cubeide_1.9.0/stm32cubeide/plugins/com.st.stm32cube.ide.mcu.externaltools.gnu-tools-for-stm32.10.3-2021.10.win32_1.0.0.202111181127/tools/bin/../lib/gcc/arm-none-eabi/10.3.1/thumb/v7-m/nofp/crtbegin.o
                [!provide]                        PROVIDE (__fini_array_end = .)
                0x00000000080031e8                . = ALIGN (0x4)
                0x00000000080031e8                _sidata = LOADADDR (.data)

.data           0x0000000020000000        0xc load address 0x00000000080031e8
                0x0000000020000000                . = ALIGN (0x4)
                0x0000000020000000                _sdata = .
 *(.data)
 *(.data*)
 .data.SystemCoreClock
                0x0000000020000000        0x4 ./Core/Src/system_stm32f1xx.o
                0x0000000020000000                SystemCoreClock
 .data.uwTickPrio
                0x0000000020000004        0x4 ./Drivers/STM32F1xx_HAL_Driver/Src/stm32f1xx_hal.o
                0x0000000020000004                uwTickPrio
 .data.uwTickFreq
                0x0000000020000008        0x1 ./Drivers/STM32F1xx_HAL_Driver/Src/stm32f1xx_hal.o
                0x0000000020000008                uwTickFreq
 *fill*         0x0000000020000009        0x1 
 .data.delay    0x000000002000000a        0x2 ./app/app.o
                0x000000002000000a                delay
 *(.RamFunc)
 *(.RamFunc*)
                0x000000002000000c                . = ALIGN (0x4)
                0x000000002000000c                _edata = .

.igot.plt       0x000000002000000c        0x0 load address 0x00000000080031f4
 .igot.plt      0x000000002000000c        0x0 c:/st/stm32cubeide_1.9.0/stm32cubeide/plugins/com.st.stm32cube.ide.mcu.externaltools.gnu-tools-for-stm32.10.3-2021.10.win32_1.0.0.202111181127/tools/bin/../lib/gcc/arm-none-eabi/10.3.1/thumb/v7-m/nofp/crtbegin.o
                0x000000002000000c                . = ALIGN (0x4)

.bss            0x000000002000000c      0x13c load address 0x00000000080031f4
                0x000000002000000c                _sbss = .
                0x000000002000000c                __bss_start__ = _sbss
 *(.bss)
 .bss           0x000000002000000c       0x1c c:/st/stm32cubeide_1.9.0/stm32cubeide/plugins/com.st.stm32cube.ide.mcu.externaltools.gnu-tools-for-stm32.10.3-2021.10.win32_1.0.0.202111181127/tools/bin/../lib/gcc/arm-none-eabi/10.3.1/thumb/v7-m/nofp/crtbegin.o
 *(.bss*)
 .bss.hadc1     0x0000000020000028       0x30 ./Core/Src/main.o
                0x0000000020000028                hadc1
 .bss.hdma_adc1
                0x0000000020000058       0x44 ./Core/Src/main.o
                0x0000000020000058                hdma_adc1
 .bss.htim1     0x000000002000009c       0x48 ./Core/Src/main.o
                0x000000002000009c                htim1
 .bss.htim3     0x00000000200000e4       0x48 ./Core/Src/main.o
                0x00000000200000e4                htim3
 .bss.uwTick    0x000000002000012c        0x4 ./Drivers/STM32F1xx_HAL_Driver/Src/stm32f1xx_hal.o
                0x000000002000012c                uwTick
 .bss.app_started
                0x0000000020000130        0x1 ./app/app.o
                0x0000000020000130                app_started
 *fill*         0x0000000020000131        0x3 
 .bss.adc_data  0x0000000020000134       0x14 ./app/app.o
                0x0000000020000134                adc_data
 *(COMMON)
                0x0000000020000148                . = ALIGN (0x4)
                0x0000000020000148                _ebss = .
                0x0000000020000148                __bss_end__ = _ebss

._user_heap_stack
                0x0000000020000148      0x600 load address 0x00000000080031f4
                0x0000000020000148                . = ALIGN (0x8)
                [!provide]                        PROVIDE (end = .)
                0x0000000020000148                PROVIDE (_end = .)
                0x0000000020000348                . = (. + _Min_Heap_Size)
 *fill*         0x0000000020000148      0x200 
                0x0000000020000748                . = (. + _Min_Stack_Size)
 *fill*         0x0000000020000348      0x400 
                0x0000000020000748                . = ALIGN (0x8)

/DISCARD/
 libc.a(*)
 libm.a(*)
 libgcc.a(*)

.ARM.attributes
                0x0000000000000000       0x29
 *(.ARM.attributes)
 .ARM.attributes
                0x0000000000000000       0x1d c:/st/stm32cubeide_1.9.0/stm32cubeide/plugins/com.st.stm32cube.ide.mcu.externaltools.gnu-tools-for-stm32.10.3-2021.10.win32_1.0.0.202111181127/tools/bin/../lib/gcc/arm-none-eabi/10.3.1/thumb/v7-m/nofp/crti.o
 .ARM.attributes
                0x000000000000001d       0x2d c:/st/stm32cubeide_1.9.0/stm32cubeide/plugins/com.st.stm32cube.ide.mcu.externaltools.gnu-tools-for-stm32.10.3-2021.10.win32_1.0.0.202111181127/tools/bin/../lib/gcc/arm-none-eabi/10.3.1/thumb/v7-m/nofp/crtbegin.o
 .ARM.attributes
                0x000000000000004a       0x2d ./Core/Src/main.o
 .ARM.attributes
                0x0000000000000077       0x2d ./Core/Src/stm32f1xx_hal_msp.o
 .ARM.attributes
                0x00000000000000a4       0x2d ./Core/Src/stm32f1xx_it.o
 .ARM.attributes
                0x00000000000000d1       0x2d ./Core/Src/system_stm32f1xx.o
 .ARM.attributes
                0x00000000000000fe       0x21 ./Core/Startup/startup_stm32f103c8tx.o
 .ARM.attributes
                0x000000000000011f       0x2d ./Drivers/STM32F1xx_HAL_Driver/Src/stm32f1xx_hal.o
 .ARM.attributes
                0x000000000000014c       0x2d ./Drivers/STM32F1xx_HAL_Driver/Src/stm32f1xx_hal_adc.o
 .ARM.attributes
                0x0000000000000179       0x2d ./Drivers/STM32F1xx_HAL_Driver/Src/stm32f1xx_hal_adc_ex.o
 .ARM.attributes
                0x00000000000001a6       0x2d ./Drivers/STM32F1xx_HAL_Driver/Src/stm32f1xx_hal_cortex.o
 .ARM.attributes
                0x00000000000001d3       0x2d ./Drivers/STM32F1xx_HAL_Driver/Src/stm32f1xx_hal_dma.o
 .ARM.attributes
                0x0000000000000200       0x2d ./Drivers/STM32F1xx_HAL_Driver/Src/stm32f1xx_hal_gpio.o
 .ARM.attributes
                0x000000000000022d       0x2d ./Drivers/STM32F1xx_HAL_Driver/Src/stm32f1xx_hal_rcc.o
 .ARM.attributes
                0x000000000000025a       0x2d ./Drivers/STM32F1xx_HAL_Driver/Src/stm32f1xx_hal_rcc_ex.o
 .ARM.attributes
                0x0000000000000287       0x2d ./Drivers/STM32F1xx_HAL_Driver/Src/stm32f1xx_hal_tim.o
 .ARM.attributes
                0x00000000000002b4       0x2d ./Drivers/STM32F1xx_HAL_Driver/Src/stm32f1xx_hal_tim_ex.o
 .ARM.attributes
                0x00000000000002e1       0x2d ./app/app.o
 .ARM.attributes
                0x000000000000030e       0x2d ./app/hw.o
 .ARM.attributes
                0x000000000000033b       0x2d c:/st/stm32cubeide_1.9.0/stm32cubeide/plugins/com.st.stm32cube.ide.mcu.externaltools.gnu-tools-for-stm32.10.3-2021.10.win32_1.0.0.202111181127/tools/bin/../lib/gcc/arm-none-eabi/10.3.1/../../../../arm-none-eabi/lib/thumb/v7-m/nofp\libc_nano.a(lib_a-init.o)
 .ARM.attributes
                0x0000000000000368       0x2d c:/st/stm32cubeide_1.9.0/stm32cubeide/plugins/com.st.stm32cube.ide.mcu.externaltools.gnu-tools-for-stm32.10.3-2021.10.win32_1.0.0.202111181127/tools/bin/../lib/gcc/arm-none-eabi/10.3.1/../../../../arm-none-eabi/lib/thumb/v7-m/nofp\libc_nano.a(lib_a-memset.o)
 .ARM.attributes
                0x0000000000000395       0x1d c:/st/stm32cubeide_1.9.0/stm32cubeide/plugins/com.st.stm32cube.ide.mcu.externaltools.gnu-tools-for-stm32.10.3-2021.10.win32_1.0.0.202111181127/tools/bin/../lib/gcc/arm-none-eabi/10.3.1/thumb/v7-m/nofp/crtn.o
OUTPUT(pwm_dma.elf elf32-littlearm)
LOAD linker stubs
LOAD c:/st/stm32cubeide_1.9.0/stm32cubeide/plugins/com.st.stm32cube.ide.mcu.externaltools.gnu-tools-for-stm32.10.3-2021.10.win32_1.0.0.202111181127/tools/bin/../lib/gcc/arm-none-eabi/10.3.1/../../../../arm-none-eabi/lib/thumb/v7-m/nofp\libc.a
LOAD c:/st/stm32cubeide_1.9.0/stm32cubeide/plugins/com.st.stm32cube.ide.mcu.externaltools.gnu-tools-for-stm32.10.3-2021.10.win32_1.0.0.202111181127/tools/bin/../lib/gcc/arm-none-eabi/10.3.1/../../../../arm-none-eabi/lib/thumb/v7-m/nofp\libm.a
LOAD c:/st/stm32cubeide_1.9.0/stm32cubeide/plugins/com.st.stm32cube.ide.mcu.externaltools.gnu-tools-for-stm32.10.3-2021.10.win32_1.0.0.202111181127/tools/bin/../lib/gcc/arm-none-eabi/10.3.1/thumb/v7-m/nofp\libgcc.a

.debug_info     0x0000000000000000     0xb7ec
 .debug_info    0x0000000000000000     0x1116 ./Core/Src/main.o
 .debug_info    0x0000000000001116      0xde2 ./Core/Src/stm32f1xx_hal_msp.o
 .debug_info    0x0000000000001ef8      0x71b ./Core/Src/stm32f1xx_it.o
 .debug_info    0x0000000000002613      0x23d ./Core/Src/system_stm32f1xx.o
 .debug_info    0x0000000000002850       0x22 ./Core/Startup/startup_stm32f103c8tx.o
 .debug_info    0x0000000000002872      0x734 ./Drivers/STM32F1xx_HAL_Driver/Src/stm32f1xx_hal.o
 .debug_info    0x0000000000002fa6      0xcd9 ./Drivers/STM32F1xx_HAL_Driver/Src/stm32f1xx_hal_adc.o
 .debug_info    0x0000000000003c7f      0xa8f ./Drivers/STM32F1xx_HAL_Driver/Src/stm32f1xx_hal_adc_ex.o
 .debug_info    0x000000000000470e      0xb20 ./Drivers/STM32F1xx_HAL_Driver/Src/stm32f1xx_hal_cortex.o
 .debug_info    0x000000000000522e      0x73f ./Drivers/STM32F1xx_HAL_Driver/Src/stm32f1xx_hal_dma.o
 .debug_info    0x000000000000596d      0x615 ./Drivers/STM32F1xx_HAL_Driver/Src/stm32f1xx_hal_gpio.o
 .debug_info    0x0000000000005f82      0x860 ./Drivers/STM32F1xx_HAL_Driver/Src/stm32f1xx_hal_rcc.o
 .debug_info    0x00000000000067e2      0x3e0 ./Drivers/STM32F1xx_HAL_Driver/Src/stm32f1xx_hal_rcc_ex.o
 .debug_info    0x0000000000006bc2     0x29de ./Drivers/STM32F1xx_HAL_Driver/Src/stm32f1xx_hal_tim.o
 .debug_info    0x00000000000095a0     0x1513 ./Drivers/STM32F1xx_HAL_Driver/Src/stm32f1xx_hal_tim_ex.o
 .debug_info    0x000000000000aab3      0x25b ./app/app.o
 .debug_info    0x000000000000ad0e      0xade ./app/hw.o

.debug_abbrev   0x0000000000000000     0x20ac
 .debug_abbrev  0x0000000000000000      0x2b5 ./Core/Src/main.o
 .debug_abbrev  0x00000000000002b5      0x202 ./Core/Src/stm32f1xx_hal_msp.o
 .debug_abbrev  0x00000000000004b7      0x184 ./Core/Src/stm32f1xx_it.o
 .debug_abbrev  0x000000000000063b      0x13b ./Core/Src/system_stm32f1xx.o
 .debug_abbrev  0x0000000000000776       0x12 ./Core/Startup/startup_stm32f103c8tx.o
 .debug_abbrev  0x0000000000000788      0x1fb ./Drivers/STM32F1xx_HAL_Driver/Src/stm32f1xx_hal.o
 .debug_abbrev  0x0000000000000983      0x210 ./Drivers/STM32F1xx_HAL_Driver/Src/stm32f1xx_hal_adc.o
 .debug_abbrev  0x0000000000000b93      0x234 ./Drivers/STM32F1xx_HAL_Driver/Src/stm32f1xx_hal_adc_ex.o
 .debug_abbrev  0x0000000000000dc7      0x2ed ./Drivers/STM32F1xx_HAL_Driver/Src/stm32f1xx_hal_cortex.o
 .debug_abbrev  0x00000000000010b4      0x1fe ./Drivers/STM32F1xx_HAL_Driver/Src/stm32f1xx_hal_dma.o
 .debug_abbrev  0x00000000000012b2      0x1bb ./Drivers/STM32F1xx_HAL_Driver/Src/stm32f1xx_hal_gpio.o
 .debug_abbrev  0x000000000000146d      0x2a8 ./Drivers/STM32F1xx_HAL_Driver/Src/stm32f1xx_hal_rcc.o
 .debug_abbrev  0x0000000000001715      0x182 ./Drivers/STM32F1xx_HAL_Driver/Src/stm32f1xx_hal_rcc_ex.o
 .debug_abbrev  0x0000000000001897      0x25d ./Drivers/STM32F1xx_HAL_Driver/Src/stm32f1xx_hal_tim.o
 .debug_abbrev  0x0000000000001af4      0x265 ./Drivers/STM32F1xx_HAL_Driver/Src/stm32f1xx_hal_tim_ex.o
 .debug_abbrev  0x0000000000001d59      0x14d ./app/app.o
 .debug_abbrev  0x0000000000001ea6      0x206 ./app/hw.o

.debug_aranges  0x0000000000000000      0xc18
 .debug_aranges
                0x0000000000000000       0x58 ./Core/Src/main.o
 .debug_aranges
                0x0000000000000058       0x40 ./Core/Src/stm32f1xx_hal_msp.o
 .debug_aranges
                0x0000000000000098       0x70 ./Core/Src/stm32f1xx_it.o
 .debug_aranges
                0x0000000000000108       0x28 ./Core/Src/system_stm32f1xx.o
 .debug_aranges
                0x0000000000000130       0x28 ./Core/Startup/startup_stm32f103c8tx.o
 .debug_aranges
                0x0000000000000158       0xe0 ./Drivers/STM32F1xx_HAL_Driver/Src/stm32f1xx_hal.o
 .debug_aranges
                0x0000000000000238       0xf0 ./Drivers/STM32F1xx_HAL_Driver/Src/stm32f1xx_hal_adc.o
 .debug_aranges
                0x0000000000000328       0x80 ./Drivers/STM32F1xx_HAL_Driver/Src/stm32f1xx_hal_adc_ex.o
 .debug_aranges
                0x00000000000003a8      0x100 ./Drivers/STM32F1xx_HAL_Driver/Src/stm32f1xx_hal_cortex.o
 .debug_aranges
                0x00000000000004a8       0x80 ./Drivers/STM32F1xx_HAL_Driver/Src/stm32f1xx_hal_dma.o
 .debug_aranges
                0x0000000000000528       0x58 ./Drivers/STM32F1xx_HAL_Driver/Src/stm32f1xx_hal_gpio.o
 .debug_aranges
                0x0000000000000580       0x90 ./Drivers/STM32F1xx_HAL_Driver/Src/stm32f1xx_hal_rcc.o
 .debug_aranges
                0x0000000000000610       0x30 ./Drivers/STM32F1xx_HAL_Driver/Src/stm32f1xx_hal_rcc_ex.o
 .debug_aranges
                0x0000000000000640      0x3d0 ./Drivers/STM32F1xx_HAL_Driver/Src/stm32f1xx_hal_tim.o
 .debug_aranges
                0x0000000000000a10      0x168 ./Drivers/STM32F1xx_HAL_Driver/Src/stm32f1xx_hal_tim_ex.o
 .debug_aranges
                0x0000000000000b78       0x40 ./app/app.o
 .debug_aranges
                0x0000000000000bb8       0x60 ./app/hw.o

.debug_ranges   0x0000000000000000      0xb10
 .debug_ranges  0x0000000000000000       0x48 ./Core/Src/main.o
 .debug_ranges  0x0000000000000048       0x30 ./Core/Src/stm32f1xx_hal_msp.o
 .debug_ranges  0x0000000000000078       0x60 ./Core/Src/stm32f1xx_it.o
 .debug_ranges  0x00000000000000d8       0x18 ./Core/Src/system_stm32f1xx.o
 .debug_ranges  0x00000000000000f0       0x20 ./Core/Startup/startup_stm32f103c8tx.o
 .debug_ranges  0x0000000000000110       0xd0 ./Drivers/STM32F1xx_HAL_Driver/Src/stm32f1xx_hal.o
 .debug_ranges  0x00000000000001e0       0xe0 ./Drivers/STM32F1xx_HAL_Driver/Src/stm32f1xx_hal_adc.o
 .debug_ranges  0x00000000000002c0       0x70 ./Drivers/STM32F1xx_HAL_Driver/Src/stm32f1xx_hal_adc_ex.o
 .debug_ranges  0x0000000000000330       0xf0 ./Drivers/STM32F1xx_HAL_Driver/Src/stm32f1xx_hal_cortex.o
 .debug_ranges  0x0000000000000420       0x70 ./Drivers/STM32F1xx_HAL_Driver/Src/stm32f1xx_hal_dma.o
 .debug_ranges  0x0000000000000490       0x48 ./Drivers/STM32F1xx_HAL_Driver/Src/stm32f1xx_hal_gpio.o
 .debug_ranges  0x00000000000004d8       0x80 ./Drivers/STM32F1xx_HAL_Driver/Src/stm32f1xx_hal_rcc.o
 .debug_ranges  0x0000000000000558       0x20 ./Drivers/STM32F1xx_HAL_Driver/Src/stm32f1xx_hal_rcc_ex.o
 .debug_ranges  0x0000000000000578      0x3c0 ./Drivers/STM32F1xx_HAL_Driver/Src/stm32f1xx_hal_tim.o
 .debug_ranges  0x0000000000000938      0x158 ./Drivers/STM32F1xx_HAL_Driver/Src/stm32f1xx_hal_tim_ex.o
 .debug_ranges  0x0000000000000a90       0x30 ./app/app.o
 .debug_ranges  0x0000000000000ac0       0x50 ./app/hw.o

.debug_macro    0x0000000000000000    0x1773e
 .debug_macro   0x0000000000000000      0x1c6 ./Core/Src/main.o
 .debug_macro   0x00000000000001c6      0xa6c ./Core/Src/main.o
 .debug_macro   0x0000000000000c32      0x221 ./Core/Src/main.o
 .debug_macro   0x0000000000000e53       0x2e ./Core/Src/main.o
 .debug_macro   0x0000000000000e81       0x22 ./Core/Src/main.o
 .debug_macro   0x0000000000000ea3       0x22 ./Core/Src/main.o
 .debug_macro   0x0000000000000ec5       0x8e ./Core/Src/main.o
 .debug_macro   0x0000000000000f53       0x51 ./Core/Src/main.o
 .debug_macro   0x0000000000000fa4      0x103 ./Core/Src/main.o
 .debug_macro   0x00000000000010a7       0x6a ./Core/Src/main.o
 .debug_macro   0x0000000000001111      0x1df ./Core/Src/main.o
 .debug_macro   0x00000000000012f0       0x1c ./Core/Src/main.o
 .debug_macro   0x000000000000130c       0x22 ./Core/Src/main.o
 .debug_macro   0x000000000000132e       0xbd ./Core/Src/main.o
 .debug_macro   0x00000000000013eb      0xd23 ./Core/Src/main.o
 .debug_macro   0x000000000000210e     0xe09e ./Core/Src/main.o
 .debug_macro   0x00000000000101ac       0x6d ./Core/Src/main.o
 .debug_macro   0x0000000000010219     0x3468 ./Core/Src/main.o
 .debug_macro   0x0000000000013681      0x174 ./Core/Src/main.o
 .debug_macro   0x00000000000137f5       0x5c ./Core/Src/main.o
 .debug_macro   0x0000000000013851      0x5be ./Core/Src/main.o
 .debug_macro   0x0000000000013e0f      0x289 ./Core/Src/main.o
 .debug_macro   0x0000000000014098      0x1cb ./Core/Src/main.o
 .debug_macro   0x0000000000014263      0x114 ./Core/Src/main.o
 .debug_macro   0x0000000000014377      0x1b2 ./Core/Src/main.o
 .debug_macro   0x0000000000014529       0x27 ./Core/Src/main.o
 .debug_macro   0x0000000000014550      0x136 ./Core/Src/main.o
 .debug_macro   0x0000000000014686      0x1bc ./Core/Src/main.o
 .debug_macro   0x0000000000014842       0x34 ./Core/Src/main.o
 .debug_macro   0x0000000000014876       0x3c ./Core/Src/main.o
 .debug_macro   0x00000000000148b2       0x57 ./Core/Src/main.o
 .debug_macro   0x0000000000014909      0x46a ./Core/Src/main.o
 .debug_macro   0x0000000000014d73      0x1b5 ./Core/Src/main.o
 .debug_macro   0x0000000000014f28       0x88 ./Core/Src/main.o
 .debug_macro   0x0000000000014fb0      0x241 ./Core/Src/main.o
 .debug_macro   0x00000000000151f1      0x141 ./Core/Src/main.o
 .debug_macro   0x0000000000015332      0x8d1 ./Core/Src/main.o
 .debug_macro   0x0000000000015c03       0x83 ./Core/Src/main.o
 .debug_macro   0x0000000000015c86       0x10 ./Core/Src/main.o
 .debug_macro   0x0000000000015c96      0x1bc ./Core/Src/stm32f1xx_hal_msp.o
 .debug_macro   0x0000000000015e52      0x1c6 ./Core/Src/stm32f1xx_it.o
 .debug_macro   0x0000000000016018      0x1ad ./Core/Src/system_stm32f1xx.o
 .debug_macro   0x00000000000161c5      0x1d1 ./Drivers/STM32F1xx_HAL_Driver/Src/stm32f1xx_hal.o
 .debug_macro   0x0000000000016396      0x1ca ./Drivers/STM32F1xx_HAL_Driver/Src/stm32f1xx_hal_adc.o
 .debug_macro   0x0000000000016560      0x1bf ./Drivers/STM32F1xx_HAL_Driver/Src/stm32f1xx_hal_adc_ex.o
 .debug_macro   0x000000000001671f      0x1ad ./Drivers/STM32F1xx_HAL_Driver/Src/stm32f1xx_hal_cortex.o
 .debug_macro   0x00000000000168cc      0x1ad ./Drivers/STM32F1xx_HAL_Driver/Src/stm32f1xx_hal_dma.o
 .debug_macro   0x0000000000016a79      0x218 ./Drivers/STM32F1xx_HAL_Driver/Src/stm32f1xx_hal_gpio.o
 .debug_macro   0x0000000000016c91      0x1bf ./Drivers/STM32F1xx_HAL_Driver/Src/stm32f1xx_hal_rcc.o
 .debug_macro   0x0000000000016e50      0x1ad ./Drivers/STM32F1xx_HAL_Driver/Src/stm32f1xx_hal_rcc_ex.o
 .debug_macro   0x0000000000016ffd      0x1ae ./Drivers/STM32F1xx_HAL_Driver/Src/stm32f1xx_hal_tim.o
 .debug_macro   0x00000000000171ab      0x1ad ./Drivers/STM32F1xx_HAL_Driver/Src/stm32f1xx_hal_tim_ex.o
 .debug_macro   0x0000000000017358      0x1e5 ./app/app.o
 .debug_macro   0x000000000001753d       0x22 ./app/app.o
 .debug_macro   0x000000000001755f      0x1df ./app/hw.o

.debug_line     0x0000000000000000     0xd6af
 .debug_line    0x0000000000000000      0x85c ./Core/Src/main.o
 .debug_line    0x000000000000085c      0x74c ./Core/Src/stm32f1xx_hal_msp.o
 .debug_line    0x0000000000000fa8      0x779 ./Core/Src/stm32f1xx_it.o
 .debug_line    0x0000000000001721      0x705 ./Core/Src/system_stm32f1xx.o
 .debug_line    0x0000000000001e26       0x87 ./Core/Startup/startup_stm32f103c8tx.o
 .debug_line    0x0000000000001ead      0x932 ./Drivers/STM32F1xx_HAL_Driver/Src/stm32f1xx_hal.o
 .debug_line    0x00000000000027df      0xfa9 ./Drivers/STM32F1xx_HAL_Driver/Src/stm32f1xx_hal_adc.o
 .debug_line    0x0000000000003788      0xcf7 ./Drivers/STM32F1xx_HAL_Driver/Src/stm32f1xx_hal_adc_ex.o
 .debug_line    0x000000000000447f      0xb1a ./Drivers/STM32F1xx_HAL_Driver/Src/stm32f1xx_hal_cortex.o
 .debug_line    0x0000000000004f99      0xd8a ./Drivers/STM32F1xx_HAL_Driver/Src/stm32f1xx_hal_dma.o
 .debug_line    0x0000000000005d23      0x9c9 ./Drivers/STM32F1xx_HAL_Driver/Src/stm32f1xx_hal_gpio.o
 .debug_line    0x00000000000066ec      0xd40 ./Drivers/STM32F1xx_HAL_Driver/Src/stm32f1xx_hal_rcc.o
 .debug_line    0x000000000000742c      0x87e ./Drivers/STM32F1xx_HAL_Driver/Src/stm32f1xx_hal_rcc_ex.o
 .debug_line    0x0000000000007caa     0x32e8 ./Drivers/STM32F1xx_HAL_Driver/Src/stm32f1xx_hal_tim.o
 .debug_line    0x000000000000af92     0x185a ./Drivers/STM32F1xx_HAL_Driver/Src/stm32f1xx_hal_tim_ex.o
 .debug_line    0x000000000000c7ec      0x75d ./app/app.o
 .debug_line    0x000000000000cf49      0x766 ./app/hw.o

.debug_str      0x0000000000000000    0x89448
 .debug_str     0x0000000000000000    0x86980 ./Core/Src/main.o
                                      0x86e55 (size before relaxing)
 .debug_str     0x0000000000086980       0xf7 ./Core/Src/stm32f1xx_hal_msp.o
                                      0x86b33 (size before relaxing)
 .debug_str     0x0000000000086a77      0x108 ./Core/Src/stm32f1xx_it.o
                                      0x86638 (size before relaxing)
 .debug_str     0x0000000000086b7f       0x88 ./Core/Src/system_stm32f1xx.o
                                      0x860fc (size before relaxing)
 .debug_str     0x0000000000086c07       0x36 ./Core/Startup/startup_stm32f103c8tx.o
                                         0x70 (size before relaxing)
 .debug_str     0x0000000000086c3d      0x38e ./Drivers/STM32F1xx_HAL_Driver/Src/stm32f1xx_hal.o
                                      0x8682f (size before relaxing)
 .debug_str     0x0000000000086fcb      0x399 ./Drivers/STM32F1xx_HAL_Driver/Src/stm32f1xx_hal_adc.o
                                      0x867d9 (size before relaxing)
 .debug_str     0x0000000000087364      0x2d8 ./Drivers/STM32F1xx_HAL_Driver/Src/stm32f1xx_hal_adc_ex.o
                                      0x867b0 (size before relaxing)
 .debug_str     0x000000000008763c      0x294 ./Drivers/STM32F1xx_HAL_Driver/Src/stm32f1xx_hal_cortex.o
                                      0x8677b (size before relaxing)
 .debug_str     0x00000000000878d0      0x1e2 ./Drivers/STM32F1xx_HAL_Driver/Src/stm32f1xx_hal_dma.o
                                      0x864a5 (size before relaxing)
 .debug_str     0x0000000000087ab2      0x2e1 ./Drivers/STM32F1xx_HAL_Driver/Src/stm32f1xx_hal_gpio.o
                                      0x86482 (size before relaxing)
 .debug_str     0x0000000000087d93      0x229 ./Drivers/STM32F1xx_HAL_Driver/Src/stm32f1xx_hal_rcc.o
                                      0x8652b (size before relaxing)
 .debug_str     0x0000000000087fbc       0x84 ./Drivers/STM32F1xx_HAL_Driver/Src/stm32f1xx_hal_rcc_ex.o
                                      0x8627b (size before relaxing)
 .debug_str     0x0000000000088040      0xdce ./Drivers/STM32F1xx_HAL_Driver/Src/stm32f1xx_hal_tim.o
                                      0x87516 (size before relaxing)
 .debug_str     0x0000000000088e0e      0x493 ./Drivers/STM32F1xx_HAL_Driver/Src/stm32f1xx_hal_tim_ex.o
                                      0x86d32 (size before relaxing)
 .debug_str     0x00000000000892a1      0x147 ./app/app.o
                                      0x861ec (size before relaxing)
 .debug_str     0x00000000000893e8       0x60 ./app/hw.o
                                      0x86879 (size before relaxing)

.comment        0x0000000000000000       0x50
 .comment       0x0000000000000000       0x50 ./Core/Src/main.o
                                         0x51 (size before relaxing)
 .comment       0x0000000000000050       0x51 ./Core/Src/stm32f1xx_hal_msp.o
 .comment       0x0000000000000050       0x51 ./Core/Src/stm32f1xx_it.o
 .comment       0x0000000000000050       0x51 ./Core/Src/system_stm32f1xx.o
 .comment       0x0000000000000050       0x51 ./Drivers/STM32F1xx_HAL_Driver/Src/stm32f1xx_hal.o
 .comment       0x0000000000000050       0x51 ./Drivers/STM32F1xx_HAL_Driver/Src/stm32f1xx_hal_adc.o
 .comment       0x0000000000000050       0x51 ./Drivers/STM32F1xx_HAL_Driver/Src/stm32f1xx_hal_adc_ex.o
 .comment       0x0000000000000050       0x51 ./Drivers/STM32F1xx_HAL_Driver/Src/stm32f1xx_hal_cortex.o
 .comment       0x0000000000000050       0x51 ./Drivers/STM32F1xx_HAL_Driver/Src/stm32f1xx_hal_dma.o
 .comment       0x0000000000000050       0x51 ./Drivers/STM32F1xx_HAL_Driver/Src/stm32f1xx_hal_gpio.o
 .comment       0x0000000000000050       0x51 ./Drivers/STM32F1xx_HAL_Driver/Src/stm32f1xx_hal_rcc.o
 .comment       0x0000000000000050       0x51 ./Drivers/STM32F1xx_HAL_Driver/Src/stm32f1xx_hal_rcc_ex.o
 .comment       0x0000000000000050       0x51 ./Drivers/STM32F1xx_HAL_Driver/Src/stm32f1xx_hal_tim.o
 .comment       0x0000000000000050       0x51 ./Drivers/STM32F1xx_HAL_Driver/Src/stm32f1xx_hal_tim_ex.o
 .comment       0x0000000000000050       0x51 ./app/app.o
 .comment       0x0000000000000050       0x51 ./app/hw.o

.debug_frame    0x0000000000000000     0x30fc
 .debug_frame   0x0000000000000000      0x11c ./Core/Src/main.o
 .debug_frame   0x000000000000011c       0xc8 ./Core/Src/stm32f1xx_hal_msp.o
 .debug_frame   0x00000000000001e4      0x13c ./Core/Src/stm32f1xx_it.o
 .debug_frame   0x0000000000000320       0x58 ./Core/Src/system_stm32f1xx.o
 .debug_frame   0x0000000000000378      0x334 ./Drivers/STM32F1xx_HAL_Driver/Src/stm32f1xx_hal.o
 .debug_frame   0x00000000000006ac      0x40c ./Drivers/STM32F1xx_HAL_Driver/Src/stm32f1xx_hal_adc.o
 .debug_frame   0x0000000000000ab8      0x200 ./Drivers/STM32F1xx_HAL_Driver/Src/stm32f1xx_hal_adc_ex.o
 .debug_frame   0x0000000000000cb8      0x428 ./Drivers/STM32F1xx_HAL_Driver/Src/stm32f1xx_hal_cortex.o
 .debug_frame   0x00000000000010e0      0x208 ./Drivers/STM32F1xx_HAL_Driver/Src/stm32f1xx_hal_dma.o
 .debug_frame   0x00000000000012e8      0x14c ./Drivers/STM32F1xx_HAL_Driver/Src/stm32f1xx_hal_gpio.o
 .debug_frame   0x0000000000001434      0x21c ./Drivers/STM32F1xx_HAL_Driver/Src/stm32f1xx_hal_rcc.o
 .debug_frame   0x0000000000001650       0x84 ./Drivers/STM32F1xx_HAL_Driver/Src/stm32f1xx_hal_rcc_ex.o
 .debug_frame   0x00000000000016d4     0x11b8 ./Drivers/STM32F1xx_HAL_Driver/Src/stm32f1xx_hal_tim.o
 .debug_frame   0x000000000000288c      0x638 ./Drivers/STM32F1xx_HAL_Driver/Src/stm32f1xx_hal_tim_ex.o
 .debug_frame   0x0000000000002ec4       0xb4 ./app/app.o
 .debug_frame   0x0000000000002f78      0x138 ./app/hw.o
 .debug_frame   0x00000000000030b0       0x2c c:/st/stm32cubeide_1.9.0/stm32cubeide/plugins/com.st.stm32cube.ide.mcu.externaltools.gnu-tools-for-stm32.10.3-2021.10.win32_1.0.0.202111181127/tools/bin/../lib/gcc/arm-none-eabi/10.3.1/../../../../arm-none-eabi/lib/thumb/v7-m/nofp\libc_nano.a(lib_a-init.o)
 .debug_frame   0x00000000000030dc       0x20 c:/st/stm32cubeide_1.9.0/stm32cubeide/plugins/com.st.stm32cube.ide.mcu.externaltools.gnu-tools-for-stm32.10.3-2021.10.win32_1.0.0.202111181127/tools/bin/../lib/gcc/arm-none-eabi/10.3.1/../../../../arm-none-eabi/lib/thumb/v7-m/nofp\libc_nano.a(lib_a-memset.o)
